python : INFO:TurboEngine:\U0001f680 Turbo Engine Initialized - High Performance Mode
위치 줄:1 문자:1
+ python -c "import asyncio; import sys; sys.path.append('c:\\Users\\rn ...
+ ~~~~~~~~~~~~~~~~~~~~~~~~~~~~~~~~~~~~~~~~~~~~~~~~~~~~~~~~~~~~~~~~~~~~~
    + CategoryInfo          : NotSpecified: (INFO:TurboEngin...erformance Mode:String) [], RemoteException
    + FullyQualifiedErrorId : NativeCommandError
 
INFO:TurboEngine:\U0001f4be [Cache Set] v13:get_integrated_stock_news:005930.KS:삼성전자:30 - Optimized for speed
Traceback (most recent call last):
  File "<string>", line 1, in <module>
    import asyncio; import sys; sys.path.append('c:\\Users\\rnfjr\\StockTrendProgram\\backend'); from korea_data import
 get_integrated_stock_news; print(len(asyncio.run(get_integrated_stock_news('005930.KS', '삼성전자', 30))))
                                                                                                                       
                                      ~~~~~~~~~~~^^^^^^^^^^^^^^^^^^^^^^^^^^^^^^^^^^^^^^^^^^^^^^^^^^^^^^^^
  File "C:\Users\rnfjr\AppData\Local\Programs\Python\Python313\Lib\asyncio\runners.py", line 195, in run
    return runner.run(main)
           ~~~~~~~~~~^^^^^^
  File "C:\Users\rnfjr\AppData\Local\Programs\Python\Python313\Lib\asyncio\runners.py", line 89, in run
    raise ValueError("a coroutine was expected, got {!r}".format(coro))
ValueError: a coroutine was expected, got [{'title': '‘만년 저평가’였는데 “또 상한가!”…올들어 218% 급등, ‘깐부회...', 'description': '젠슨 황 
엔비디아 최고경영자(CEO). [로이터] ‘만년 저평가’로 여겨지던 LG전자 주가가 29일 무려 29.93%나 급등하면서 상한가를 기록했다. 이달 들어서만 벌써 세번째 20% 안팎으로 치솟았고, 올들어서는 211%
나 올랐다. 로봇산업에 대한... ', 'link': 'https://n.news.naver.com/mnews/article/016/0002649987', 'publisher': '헤럴드경제', 'published
': '2026-05-29 20:11'}, {'title': '“지금 뺄 때 아니다, 코스피 9000은 봐야 … 우주·로봇도 주목”', 'description': '머니닥터 10인의 6월 증시 전망 코스피가 최근 
사상 처음으로 8000선을 돌파하며 한국 증시는 완전히 새로운 역사를 써내려가고 있다. 반도체와 인공지능(AI) 인프라를 중심으로 한 실적 개선 기대가 이어지는 가운데 시장 전문가들은 6월 증시에... ', 'li
nk': 'https://n.news.naver.com/mnews/article/009/0005687081', 'publisher': '매일경제', 'published': '2026-05-29 20:08'}, {'
title': '보스반도체, 인텔·삼성 파운드리 출신 홍하오 전략고문 선임', 'description': '차량용 AI(인공지능) 반도체 설계 스타트업 보스반도체가 제품 경쟁력 강화와 글로벌 시장 확장을 위해 홍하
오 전 인텔 파운드리 사업부 수석부사장을 전략고문으로 영입했다고 29일 밝혔다. AMD 출신의 데이비드 버넷 에이아이엔 대표에 이은 두 번째... ', 'link': 'https://n.news.naver.com/
mnews/article/008/0005364890', 'publisher': '머니투데이', 'published': '2026-05-29 20:02'}, {'title': '개미도 외국인도 팔았는데 하루만에 2.
3조원 사들였다…‘폭풍 매수’...', 'description': '29일, 코스피 사상 최고치 마감 기관 투자자, 순매수액 역대 7위 5월 코스피 시장은 사이드카(프로그램 매수·매도호가 일시효력정지)가 6번 발동
되는 등 큰 변동성을 보였다. 이날 기관은 2조원대를 순매수하며 정규장 마감 기준 역대 7위의... ', 'link': 'https://n.news.naver.com/mnews/article/009/00056870
79', 'publisher': '매일경제', 'published': '2026-05-29 19:59'}, {'title': "카카오 주가 17만원→4만원…'파업까지' 주주들 분통", 'description': '
영업이익의 몇 %를 성과급으로 달라는 요구가 삼성전자 노조를 시작으로 다른 기업으로 번지고 있죠. 성과급 보상 등을 요구하며 파업을 예고한 카카오 노조에 사측은 오늘 &quot;감내할 수 없는 수준&quot;이라는
 입장을 밝혔습니다. 가뜩이나 AI 경쟁에 뒤쳐진... ', 'link': 'https://n.news.naver.com/mnews/article/437/0000493615', 'publisher': 'JTBC',
 'published': '2026-05-29 19:59'}, {'title': '"세계 최초" 삼성전자, 젠슨 황 방한 앞두고 \'선제카드\'', 'description': "삼성전자가 오늘 최첨단 AI 반도체인
 7세대 'HBM 4E' 샘플을 세계 최초로 선보였습니다. 6세대 제품을 내놓은 지 3개월 만에 성능을 대폭 개선했는데요. 다음주 최대 고객 엔비디아의 젠슨 황이 방한 예정인데, 삼성전자가 SK하이닉스와의 주도권.
.. ", 'link': 'https://n.news.naver.com/mnews/article/437/0000493614', 'publisher': 'JTBC', 'published': '2026-05-29 19
:59'}, {'title': "초과이익 놓고 갈린 장관 메시지…노동부 '분배' vs 산업부 '투자'", 'description': '삼성전자 노사 갈등을 계기로 불거진 반도체 대기업의 초과이익 배분 논의를 두고 
정부 내에서도 결이 다른 메시지가 나오고 있다. 김영훈 고용노동부 장관이 대기업 초과이익의 사회적 분배를 화두로 던진 반면, 김정관 산업통상부 장관은 지금은... ', 'link': 'https://n.news.n
aver.com/mnews/article/119/0003095967', 'publisher': '데일리안', 'published': '2026-05-29 19:36'}, {'title': '이재용 회장도 사전투표…
투표 장면 공개는 처음', 'description': '사전투표 첫날 이재용 삼성전자 회장도 투표장에 모습을 드러냈습니다. 이 회장의 투표 모습이 공개된 건 처음인데요. 우연히 취재진에 포착된 거다, 의도된 공개 
행보다 설왕설래가 이어지고 있습니다. 윤수민 기자입니다. [기자] 투표용지를 받기... ', 'link': 'https://n.news.naver.com/mnews/article/449/0000347114', 'p
ublisher': '채널A', 'published': '2026-05-29 19:28'}, {'title': "'몸값 1455조' 앤트로픽과 손잡은 삼전·하이닉스…K반도체 '훨훨'", 'description': 
"삼성전자와 SK하이닉스가 인공지능(AI) 모델 클로드 개발사로 유명한 미국 AI 기업 앤트로픽의 글로벌 투자 유치에 '전략적 인프라 파트너'로서 참여한 것으로 나타났다. '몸값'이 1400조 원이 넘는 앤트로픽과
의 협력으로 한국(K) 반도체의 시장... ", 'link': 'https://n.news.naver.com/mnews/article/079/0004152308', 'publisher': '노컷뉴스', 'publi
shed': '2026-05-29 19:19'}, {'title': '삼성 초기업노조, 사측에 면담 요청…"조합원 사기진작 방안 마련해야...', 'description': '삼성 초기업노조 삼서전자지부가 전영현 
삼성전자 대표이사 부회장 등에 직원 사기 진작 방안 마련 등을 위한 추가 면담을 요청했습니다. 오늘(29일) 초기업노조는 반도체 DS 부문 임원과 책임자들을 대상으로 이러한 내용의 공문을 발송했다고... ', 'l
ink': 'https://n.news.naver.com/mnews/article/422/0000869720', 'publisher': '연합뉴스TV', 'published': '2026-05-29 19:10'},
 {'title': '삼성 글로벌 TV 점유율 16.8%…중국TCL과 격차 2.7%p', 'description': '올해 1분기 중국 TV 업체가 글로벌 TV 시장에서 점유율을 급격히 확대하며 1위 삼성전자와 격
차를 좁힌 것으로 나타났다. 29일 글로벌 시장조사업체 카운터포인트리서치에 따르면 삼성전자의 1∼3월 TV 출하량은 전년 동기 대비 8% 성장했다.... ', 'link': 'https://n.news.naver.
com/mnews/article/277/0005769706', 'publisher': '아시아경제', 'published': '2026-05-29 19:09'}, {'title': '코스피, 또 최고치 경신…삼전 
시총 2천조 시대', 'description': '오늘(29일) 코스피가 8,470선에서 마감하며 종가 기준 사상 최고치를 경신했습니다. 반면 코스닥 지수는 3% 가까이 하락했습니다. 김채영 기자입니다. [기자] 
코스피가 하루 만에 반등해 8,470선에서 마감하며 종가 사상 최고치를 경신했습니다. 이날... ', 'link': 'https://n.news.naver.com/mnews/article/422/0000869708
', 'publisher': '연합뉴스TV', 'published': '2026-05-29 18:57'}, {'title': "[집중진단] 김영훈發 ‘기업 초과이익 재분배' 논란…논쟁의 중심 ‘...", 'desc
ription': "■ 경제현장 오늘 '집중진단' - 이성희 인제대 특임교수, 안종기 고려대 노동문제연구소 연구교수 토론회도 급하게 잡혔는데 연기도 전격적으로 이뤄졌습니다. 김영훈 고용노동부 장관이 반도체 기업의 
초과이익을 나누기 위한 해법을 찾겠다며 제안한... ", 'link': 'https://n.news.naver.com/mnews/article/374/0000513115', 'publisher': 'SBS Biz'
, 'published': '2026-05-29 18:43'}, {'title': '[이슈체크] 서울 아파트값 상승폭 둔화\u22ef성과급 군단 진격에 ‘셔세권...', 'description': "■ 경제현장 오
늘 '이슈체크' - 송승현 도시와경제 대표 반도체 역대급 실적에 최고 성과급을 받게 되면서 삼성전자에 다니는 98년생 남편과 SK하이닉스에 다니는 99년생 아내가 동탄에 16억짜리 집을 계약하면서 커뮤니티가 떠들썩
했습니다. 경기... ", 'link': 'https://n.news.naver.com/mnews/article/374/0000513116', 'publisher': 'SBS Biz', 'published': '2
026-05-29 18:43'}, {'title': '세미파이브·에이디테크, 삼성 SAFE 포럼서 AI칩 기술 공개', 'description': "삼성전자 파운드리(반도체 위탁생산) 생태계에 참여하는 국내 디자인
하우스들이 차세대 인공지능(AI) 반도체 설계 기술을 공개했다. 세미파이브는 AI 반도체의 최대 난제로 꼽히는 '메모리 장벽' 해법을, 에이디테크놀로지는 삼성전자 2나노... ", 'link': 'https://n
.news.naver.com/mnews/article/031/0001031901', 'publisher': '아이뉴스24', 'published': '2026-05-29 18:40'}, {'title': '삼성전자
, HBM4E 세계 첫 샘플 출하... 앤스로픽 AI 칩도 수주할 듯', 'description': '삼성전자가 세계 최초로 고대역폭메모리(HBM) 7세대 시제품을 엔비디아 등 핵심 고객사에 공급했다. 초거대 인공
지능(AI) 기업으로 부상한 미국 앤스로픽에 투자하면서 AI 모델 클로드용 반도체를 위탁생산할 가능성도 커졌다. 파업 위기를 딛고... ', 'link': 'https://n.news.naver.com/mnews/
article/469/0000933502', 'publisher': '한국일보', 'published': '2026-05-29 18:39'}, {'title': '삼성SDS, 인공지능 전환 서밋…"하이브리드 접근 
필요"', 'description': '삼성SDS가 인공지능(AI) 네이티브 기업으로의 전환 방향과 인공지능 전환(AX) 혁신을 위한 기술 로드맵을 공개했습니다. 삼성SDS는 오늘(29일) 잠실캠퍼스 마젤란홀에서 
AX 서밋을 열고 AX 추진 사례와 실행 전략을 공개했습니다. 신계영 AI 사업팀장은... ', 'link': 'https://n.news.naver.com/mnews/article/422/0000869701', 
'publisher': '연합뉴스TV', 'published': '2026-05-29 18:26'}, {'title': "코스피 급등에도 '공포지수' 상승…반도체 쏠림이 키운 변동성", 'description': 
"코스피가 9000선을 향해 상승세를 이어가고 있는 가운데 시장의 불안 심리를 반영하는 '공포지수' 역시 이례적으로 동반 급등하고 있다. 강세장에서는 일반적으로 변동성이 안정되는 것이 통념이지만 최근에는 주가 상승
과 변동성 확대가 동시에... ", 'link': 'https://n.news.naver.com/mnews/article/123/0002383887', 'publisher': '조세일보', 'published': 
'2026-05-29 18:26'}, {'title': '"여기도 사람 있어요"…눈물짓는 코스닥 개미들', 'description': '&quot;삼전닉스의 최대 피해자는 코스닥이죠&quot; &quot;코스피랑 
너무 차이나는데 개미 지옥이네요&quot; 코스피 지수가 또 다시 사상 최고치를 찍은 29일 코스닥 지수는 오히려 2% 넘게 급락하면서 코스닥 투자자들의 소외감은 더 커지고 있다. 대형주에 자금이... ', 'li
nk': 'https://n.news.naver.com/mnews/article/031/0001031898', 'publisher': '아이뉴스24', 'published': '2026-05-29 18:25'}, 
{'title': '"삼성 반도체 이·퇴직률 1%대"', 'description': '삼성전자 직원들의 최근 5년간 이·퇴직률이 2%대 초반인 것으로 나타났다. 최근 성과급을 둘러싼 노사 갈등과 정보기술(IT)업계
의 인재 유치 경쟁으로 인력 이동이 잦아지는 중에도 안정적 고용 환경을 유지하고 있다는 평가가 나온다. 29일... ', 'link': 'https://n.news.naver.com/mnews/article/015
/0005293001', 'publisher': '한국경제', 'published': '2026-05-29 18:23'}]
[News][Tier0] 005930: Naver API 수집 20개 (섹션 50개)
